../Core/Src/gpio_wrapper.c:98:6:GPIO_Wrapper_Init	24	static
../Core/Src/gpio_wrapper.c:106:6:GPIO_Wrapper_Configure	48	static
../Core/Src/gpio_wrapper.c:150:6:GPIO_Wrapper_CleanupPin	48	static
../Core/Src/gpio_wrapper.c:179:6:GPIO_Wrapper_SetMode	48	static
../Core/Src/gpio_wrapper.c:213:9:GPIO_Wrapper_SetPull	48	static
../Core/Src/gpio_wrapper.c:246:6:GPIO_Wrapper_SetSpeed	48	static
../Core/Src/gpio_wrapper.c:273:6:GPIO_Wrapper_Write	16	static
../Core/Src/gpio_wrapper.c:284:9:GPIO_Wrapper_Read	16	static
../Core/Src/gpio_wrapper.c:294:6:GPIO_Wrapper_Toggle	16	static
../Core/Src/gpio_wrapper.c:304:6:GPIO_Wrapper_PWM_Init	32	static
../Core/Src/gpio_wrapper.c:362:9:GPIO_Wrapper_PWM_Enable	72	static
../Core/Src/gpio_wrapper.c:562:6:GPIO_Wrapper_PWM_Disable	184	static
../Core/Src/gpio_wrapper.c:667:6:GPIO_Wrapper_PWM_SetDutyCycle	32	static
../Core/Src/gpio_wrapper.c:727:6:GPIO_Wrapper_PWM_SetFrequency	24	static
../Core/Src/gpio_wrapper.c:839:9:GPIO_Wrapper_PWM_IsEnabled	16	static
../Core/Src/gpio_wrapper.c:848:6:GPIO_Wrapper_ADC_Init	8	static
../Core/Src/gpio_wrapper.c:868:9:GPIO_Wrapper_ADC_Enable	48	static
../Core/Src/gpio_wrapper.c:896:6:GPIO_Wrapper_ADC_Disable	48	static
../Core/Src/gpio_wrapper.c:915:10:GPIO_Wrapper_ADC_Read	24	static
../Core/Src/gpio_wrapper.c:953:9:GPIO_Wrapper_ADC_IsEnabled	16	static
../Core/Src/gpio_wrapper.c:961:6:GPIO_Wrapper_I2C_StateInit	8	static
../Core/Src/gpio_wrapper.c:969:9:GPIO_Wrapper_I2C_GetActiveBus	8	static
../Core/Src/gpio_wrapper.c:974:9:GPIO_Wrapper_I2C_Init	32	static
../Core/Src/gpio_wrapper.c:1024:9:GPIO_Wrapper_I2C_Scan	40	static
../Core/Src/gpio_wrapper.c:1056:9:GPIO_Wrapper_I2C_Write	40	static
../Core/Src/gpio_wrapper.c:1072:9:GPIO_Wrapper_I2C_Read	40	static
../Core/Src/gpio_wrapper.c:1092:9:GPIO_Wrapper_I2C_WriteReg	48	static
../Core/Src/gpio_wrapper.c:1108:9:GPIO_Wrapper_I2C_ReadReg	48	static
