../Core/Src/gpio_wrapper.c:95:6:GPIO_Wrapper_Init	24	static
../Core/Src/gpio_wrapper.c:103:6:GPIO_Wrapper_Configure	48	static
../Core/Src/gpio_wrapper.c:147:6:GPIO_Wrapper_CleanupPin	48	static
../Core/Src/gpio_wrapper.c:176:6:GPIO_Wrapper_SetMode	48	static
../Core/Src/gpio_wrapper.c:210:9:GPIO_Wrapper_SetPull	48	static
../Core/Src/gpio_wrapper.c:243:6:GPIO_Wrapper_SetSpeed	48	static
../Core/Src/gpio_wrapper.c:270:6:GPIO_Wrapper_Write	16	static
../Core/Src/gpio_wrapper.c:281:9:GPIO_Wrapper_Read	16	static
../Core/Src/gpio_wrapper.c:291:6:GPIO_Wrapper_Toggle	16	static
../Core/Src/gpio_wrapper.c:301:6:GPIO_Wrapper_PWM_Init	32	static
../Core/Src/gpio_wrapper.c:359:9:GPIO_Wrapper_PWM_Enable	72	static
../Core/Src/gpio_wrapper.c:559:6:GPIO_Wrapper_PWM_Disable	184	static
../Core/Src/gpio_wrapper.c:664:6:GPIO_Wrapper_PWM_SetDutyCycle	32	static
../Core/Src/gpio_wrapper.c:724:6:GPIO_Wrapper_PWM_SetFrequency	24	static
../Core/Src/gpio_wrapper.c:836:9:GPIO_Wrapper_PWM_IsEnabled	16	static
../Core/Src/gpio_wrapper.c:845:6:GPIO_Wrapper_ADC_Init	8	static
../Core/Src/gpio_wrapper.c:865:9:GPIO_Wrapper_ADC_Enable	48	static
../Core/Src/gpio_wrapper.c:893:6:GPIO_Wrapper_ADC_Disable	48	static
../Core/Src/gpio_wrapper.c:912:10:GPIO_Wrapper_ADC_Read	24	static
../Core/Src/gpio_wrapper.c:950:9:GPIO_Wrapper_ADC_IsEnabled	16	static
