../Core/Src/gpio_wrapper.c:110:6:GPIO_Wrapper_Init	24	static
../Core/Src/gpio_wrapper.c:118:6:GPIO_Wrapper_Configure	48	static
../Core/Src/gpio_wrapper.c:162:6:GPIO_Wrapper_CleanupPin	48	static
../Core/Src/gpio_wrapper.c:191:6:GPIO_Wrapper_SetMode	48	static
../Core/Src/gpio_wrapper.c:225:9:GPIO_Wrapper_SetPull	48	static
../Core/Src/gpio_wrapper.c:258:6:GPIO_Wrapper_SetSpeed	48	static
../Core/Src/gpio_wrapper.c:285:6:GPIO_Wrapper_Write	16	static
../Core/Src/gpio_wrapper.c:296:9:GPIO_Wrapper_Read	16	static
../Core/Src/gpio_wrapper.c:306:6:GPIO_Wrapper_Toggle	16	static
../Core/Src/gpio_wrapper.c:316:6:GPIO_Wrapper_PWM_Init	32	static
../Core/Src/gpio_wrapper.c:374:9:GPIO_Wrapper_PWM_Enable	72	static
../Core/Src/gpio_wrapper.c:574:6:GPIO_Wrapper_PWM_Disable	184	static
../Core/Src/gpio_wrapper.c:679:6:GPIO_Wrapper_PWM_SetDutyCycle	32	static
../Core/Src/gpio_wrapper.c:739:6:GPIO_Wrapper_PWM_SetFrequency	24	static
../Core/Src/gpio_wrapper.c:851:9:GPIO_Wrapper_PWM_IsEnabled	16	static
../Core/Src/gpio_wrapper.c:860:6:GPIO_Wrapper_ADC_Init	8	static
../Core/Src/gpio_wrapper.c:879:9:GPIO_Wrapper_ADC_Enable	48	static
../Core/Src/gpio_wrapper.c:907:6:GPIO_Wrapper_ADC_Disable	48	static
../Core/Src/gpio_wrapper.c:926:10:GPIO_Wrapper_ADC_Read	24	static
../Core/Src/gpio_wrapper.c:964:9:GPIO_Wrapper_ADC_IsEnabled	16	static
