../Drivers/CMSIS/Include/core_cm0.h:856:34:__NVIC_SystemReset	8	static
../Core/Src/main.c:88:6:relocate_vector_table_to_ram	16	static
../Core/Src/main.c:96:5:main	16	static
../Core/Src/main.c:163:6:SystemClock_Config	104	static
../Core/Src/main.c:206:13:MX_USART1_UART_Init	8	static
../Core/Src/main.c:242:13:MX_GPIO_Init	32	static
../Core/Src/main.c:275:6:Error_Handler	8	static
../Core/Src/main.c:304:6:UART_IdleLine_Callback	16	static
../Core/Src/main.c:313:6:Process_UART_DMA_Buffer	1160	static
../Core/Src/main.c:509:12:hex_value	16	static
../Core/Src/main.c:523:13:parse_hex_byte_pair	24	static
../Core/Src/main.c:536:13:send_i2c_response	200	static
../Core/Src/main.c:546:6:Process_I2C_Command	376	static
